Archive member included because of file (symbol)

/Users/joshuajiang/pebble-dev/PebbleSDK-2.0-BETA4/Pebble/lib/libpebble.a(tmp9Q2g01pebble.o)
                              src/BeamUpInvDate.c.10.o (animation_schedule)

Discarded input sections

 .text          0x0000000000000000        0x0 /Users/joshuajiang/pebble-dev/PebbleSDK-2.0-BETA4/arm-cs-tools/bin/../lib/gcc/arm-none-eabi/4.7.2/thumb2/crti.o
 .bss           0x0000000000000000        0x0 /Users/joshuajiang/pebble-dev/PebbleSDK-2.0-BETA4/arm-cs-tools/bin/../lib/gcc/arm-none-eabi/4.7.2/thumb2/crti.o
 .init          0x0000000000000000        0x4 /Users/joshuajiang/pebble-dev/PebbleSDK-2.0-BETA4/arm-cs-tools/bin/../lib/gcc/arm-none-eabi/4.7.2/thumb2/crti.o
 .fini          0x0000000000000000        0x4 /Users/joshuajiang/pebble-dev/PebbleSDK-2.0-BETA4/arm-cs-tools/bin/../lib/gcc/arm-none-eabi/4.7.2/thumb2/crti.o
 .text          0x0000000000000000       0xc8 /Users/joshuajiang/pebble-dev/PebbleSDK-2.0-BETA4/arm-cs-tools/bin/../lib/gcc/arm-none-eabi/4.7.2/thumb2/crtbegin.o
 .bss           0x0000000000000000       0x1c /Users/joshuajiang/pebble-dev/PebbleSDK-2.0-BETA4/arm-cs-tools/bin/../lib/gcc/arm-none-eabi/4.7.2/thumb2/crtbegin.o
 .init_array    0x0000000000000000        0x4 /Users/joshuajiang/pebble-dev/PebbleSDK-2.0-BETA4/arm-cs-tools/bin/../lib/gcc/arm-none-eabi/4.7.2/thumb2/crtbegin.o
 .fini_array    0x0000000000000000        0x4 /Users/joshuajiang/pebble-dev/PebbleSDK-2.0-BETA4/arm-cs-tools/bin/../lib/gcc/arm-none-eabi/4.7.2/thumb2/crtbegin.o
 .eh_frame      0x0000000000000000        0x0 /Users/joshuajiang/pebble-dev/PebbleSDK-2.0-BETA4/arm-cs-tools/bin/../lib/gcc/arm-none-eabi/4.7.2/thumb2/crtbegin.o
 .jcr           0x0000000000000000        0x0 /Users/joshuajiang/pebble-dev/PebbleSDK-2.0-BETA4/arm-cs-tools/bin/../lib/gcc/arm-none-eabi/4.7.2/thumb2/crtbegin.o
 .tm_clone_table
                0x0000000000000000        0x0 /Users/joshuajiang/pebble-dev/PebbleSDK-2.0-BETA4/arm-cs-tools/bin/../lib/gcc/arm-none-eabi/4.7.2/thumb2/crtbegin.o
 .text          0x0000000000000000        0x0 src/BeamUpInvDate.c.10.o
 .bss           0x0000000000000000        0x0 src/BeamUpInvDate.c.10.o
 .text          0x0000000000000000        0x0 appinfo.auto.c.10.o
 .bss           0x0000000000000000        0x0 appinfo.auto.c.10.o
 .bss           0x0000000000000000        0x0 /Users/joshuajiang/pebble-dev/PebbleSDK-2.0-BETA4/Pebble/lib/libpebble.a(tmp9Q2g01pebble.o)
 .text.accel_data_service_subscribe__deprecated
                0x0000000000000000        0xc /Users/joshuajiang/pebble-dev/PebbleSDK-2.0-BETA4/Pebble/lib/libpebble.a(tmp9Q2g01pebble.o)
 .text.accel_data_service_unsubscribe
                0x0000000000000000        0xc /Users/joshuajiang/pebble-dev/PebbleSDK-2.0-BETA4/Pebble/lib/libpebble.a(tmp9Q2g01pebble.o)
 .text.accel_service_peek
                0x0000000000000000        0xc /Users/joshuajiang/pebble-dev/PebbleSDK-2.0-BETA4/Pebble/lib/libpebble.a(tmp9Q2g01pebble.o)
 .text.accel_service_set_samples_per_update
                0x0000000000000000        0xc /Users/joshuajiang/pebble-dev/PebbleSDK-2.0-BETA4/Pebble/lib/libpebble.a(tmp9Q2g01pebble.o)
 .text.accel_service_set_sampling_rate
                0x0000000000000000        0xc /Users/joshuajiang/pebble-dev/PebbleSDK-2.0-BETA4/Pebble/lib/libpebble.a(tmp9Q2g01pebble.o)
 .text.accel_tap_service_subscribe
                0x0000000000000000        0xc /Users/joshuajiang/pebble-dev/PebbleSDK-2.0-BETA4/Pebble/lib/libpebble.a(tmp9Q2g01pebble.o)
 .text.accel_tap_service_unsubscribe
                0x0000000000000000        0xc /Users/joshuajiang/pebble-dev/PebbleSDK-2.0-BETA4/Pebble/lib/libpebble.a(tmp9Q2g01pebble.o)
 .text.action_bar_layer_add_to_window
                0x0000000000000000        0xc /Users/joshuajiang/pebble-dev/PebbleSDK-2.0-BETA4/Pebble/lib/libpebble.a(tmp9Q2g01pebble.o)
 .text.action_bar_layer_clear_icon
                0x0000000000000000        0xc /Users/joshuajiang/pebble-dev/PebbleSDK-2.0-BETA4/Pebble/lib/libpebble.a(tmp9Q2g01pebble.o)
 .text.action_bar_layer_create
                0x0000000000000000        0xc /Users/joshuajiang/pebble-dev/PebbleSDK-2.0-BETA4/Pebble/lib/libpebble.a(tmp9Q2g01pebble.o)
 .text.action_bar_layer_destroy
                0x0000000000000000        0xc /Users/joshuajiang/pebble-dev/PebbleSDK-2.0-BETA4/Pebble/lib/libpebble.a(tmp9Q2g01pebble.o)
 .text.action_bar_layer_get_layer
                0x0000000000000000        0xc /Users/joshuajiang/pebble-dev/PebbleSDK-2.0-BETA4/Pebble/lib/libpebble.a(tmp9Q2g01pebble.o)
 .text.action_bar_layer_remove_from_window
                0x0000000000000000        0xc /Users/joshuajiang/pebble-dev/PebbleSDK-2.0-BETA4/Pebble/lib/libpebble.a(tmp9Q2g01pebble.o)
 .text.action_bar_layer_set_background_color
                0x0000000000000000        0xc /Users/joshuajiang/pebble-dev/PebbleSDK-2.0-BETA4/Pebble/lib/libpebble.a(tmp9Q2g01pebble.o)
 .text.action_bar_layer_set_click_config_provider
                0x0000000000000000        0xc /Users/joshuajiang/pebble-dev/PebbleSDK-2.0-BETA4/Pebble/lib/libpebble.a(tmp9Q2g01pebble.o)
 .text.action_bar_layer_set_context
                0x0000000000000000        0xc /Users/joshuajiang/pebble-dev/PebbleSDK-2.0-BETA4/Pebble/lib/libpebble.a(tmp9Q2g01pebble.o)
 .text.action_bar_layer_set_icon
                0x0000000000000000        0xc /Users/joshuajiang/pebble-dev/PebbleSDK-2.0-BETA4/Pebble/lib/libpebble.a(tmp9Q2g01pebble.o)
 .text.animation_create
                0x0000000000000000        0xc /Users/joshuajiang/pebble-dev/PebbleSDK-2.0-BETA4/Pebble/lib/libpebble.a(tmp9Q2g01pebble.o)
 .text.animation_destroy
                0x0000000000000000        0xc /Users/joshuajiang/pebble-dev/PebbleSDK-2.0-BETA4/Pebble/lib/libpebble.a(tmp9Q2g01pebble.o)
 .text.animation_get_context
                0x0000000000000000        0xc /Users/joshuajiang/pebble-dev/PebbleSDK-2.0-BETA4/Pebble/lib/libpebble.a(tmp9Q2g01pebble.o)
 .text.animation_is_scheduled
                0x0000000000000000        0xc /Users/joshuajiang/pebble-dev/PebbleSDK-2.0-BETA4/Pebble/lib/libpebble.a(tmp9Q2g01pebble.o)
 .text.animation_set_implementation
                0x0000000000000000        0xc /Users/joshuajiang/pebble-dev/PebbleSDK-2.0-BETA4/Pebble/lib/libpebble.a(tmp9Q2g01pebble.o)
 .text.animation_unschedule
                0x0000000000000000        0xc /Users/joshuajiang/pebble-dev/PebbleSDK-2.0-BETA4/Pebble/lib/libpebble.a(tmp9Q2g01pebble.o)
 .text.animation_unschedule_all
                0x0000000000000000        0xc /Users/joshuajiang/pebble-dev/PebbleSDK-2.0-BETA4/Pebble/lib/libpebble.a(tmp9Q2g01pebble.o)
 .text.app_comm_get_sniff_interval
                0x0000000000000000        0xc /Users/joshuajiang/pebble-dev/PebbleSDK-2.0-BETA4/Pebble/lib/libpebble.a(tmp9Q2g01pebble.o)
 .text.app_comm_set_sniff_interval
                0x0000000000000000        0xc /Users/joshuajiang/pebble-dev/PebbleSDK-2.0-BETA4/Pebble/lib/libpebble.a(tmp9Q2g01pebble.o)
 .text.app_log  0x0000000000000000        0xc /Users/joshuajiang/pebble-dev/PebbleSDK-2.0-BETA4/Pebble/lib/libpebble.a(tmp9Q2g01pebble.o)
 .text.app_message_deregister_callbacks
                0x0000000000000000        0xc /Users/joshuajiang/pebble-dev/PebbleSDK-2.0-BETA4/Pebble/lib/libpebble.a(tmp9Q2g01pebble.o)
 .text.app_message_open
                0x0000000000000000        0xc /Users/joshuajiang/pebble-dev/PebbleSDK-2.0-BETA4/Pebble/lib/libpebble.a(tmp9Q2g01pebble.o)
 .text.app_sync_deinit
                0x0000000000000000        0xc /Users/joshuajiang/pebble-dev/PebbleSDK-2.0-BETA4/Pebble/lib/libpebble.a(tmp9Q2g01pebble.o)
 .text.app_sync_get
                0x0000000000000000        0xc /Users/joshuajiang/pebble-dev/PebbleSDK-2.0-BETA4/Pebble/lib/libpebble.a(tmp9Q2g01pebble.o)
 .text.app_sync_init
                0x0000000000000000        0xc /Users/joshuajiang/pebble-dev/PebbleSDK-2.0-BETA4/Pebble/lib/libpebble.a(tmp9Q2g01pebble.o)
 .text.app_sync_set
                0x0000000000000000        0xc /Users/joshuajiang/pebble-dev/PebbleSDK-2.0-BETA4/Pebble/lib/libpebble.a(tmp9Q2g01pebble.o)
 .text.app_timer_cancel
                0x0000000000000000        0xc /Users/joshuajiang/pebble-dev/PebbleSDK-2.0-BETA4/Pebble/lib/libpebble.a(tmp9Q2g01pebble.o)
 .text.app_timer_register
                0x0000000000000000        0xc /Users/joshuajiang/pebble-dev/PebbleSDK-2.0-BETA4/Pebble/lib/libpebble.a(tmp9Q2g01pebble.o)
 .text.app_timer_reschedule
                0x0000000000000000        0xc /Users/joshuajiang/pebble-dev/PebbleSDK-2.0-BETA4/Pebble/lib/libpebble.a(tmp9Q2g01pebble.o)
 .text.atan2_lookup
                0x0000000000000000        0xc /Users/joshuajiang/pebble-dev/PebbleSDK-2.0-BETA4/Pebble/lib/libpebble.a(tmp9Q2g01pebble.o)
 .text.atoi     0x0000000000000000        0xc /Users/joshuajiang/pebble-dev/PebbleSDK-2.0-BETA4/Pebble/lib/libpebble.a(tmp9Q2g01pebble.o)
 .text.atol     0x0000000000000000        0xc /Users/joshuajiang/pebble-dev/PebbleSDK-2.0-BETA4/Pebble/lib/libpebble.a(tmp9Q2g01pebble.o)
 .text.battery_state_service_peek
                0x0000000000000000        0xc /Users/joshuajiang/pebble-dev/PebbleSDK-2.0-BETA4/Pebble/lib/libpebble.a(tmp9Q2g01pebble.o)
 .text.battery_state_service_subscribe
                0x0000000000000000        0xc /Users/joshuajiang/pebble-dev/PebbleSDK-2.0-BETA4/Pebble/lib/libpebble.a(tmp9Q2g01pebble.o)
 .text.battery_state_service_unsubscribe
                0x0000000000000000        0xc /Users/joshuajiang/pebble-dev/PebbleSDK-2.0-BETA4/Pebble/lib/libpebble.a(tmp9Q2g01pebble.o)
 .text.bitmap_layer_create
                0x0000000000000000        0xc /Users/joshuajiang/pebble-dev/PebbleSDK-2.0-BETA4/Pebble/lib/libpebble.a(tmp9Q2g01pebble.o)
 .text.bitmap_layer_destroy
                0x0000000000000000        0xc /Users/joshuajiang/pebble-dev/PebbleSDK-2.0-BETA4/Pebble/lib/libpebble.a(tmp9Q2g01pebble.o)
 .text.bitmap_layer_get_layer
                0x0000000000000000        0xc /Users/joshuajiang/pebble-dev/PebbleSDK-2.0-BETA4/Pebble/lib/libpebble.a(tmp9Q2g01pebble.o)
 .text.bitmap_layer_set_alignment
                0x0000000000000000        0xc /Users/joshuajiang/pebble-dev/PebbleSDK-2.0-BETA4/Pebble/lib/libpebble.a(tmp9Q2g01pebble.o)
 .text.bitmap_layer_set_background_color
                0x0000000000000000        0xc /Users/joshuajiang/pebble-dev/PebbleSDK-2.0-BETA4/Pebble/lib/libpebble.a(tmp9Q2g01pebble.o)
 .text.bitmap_layer_set_bitmap
                0x0000000000000000        0xc /Users/joshuajiang/pebble-dev/PebbleSDK-2.0-BETA4/Pebble/lib/libpebble.a(tmp9Q2g01pebble.o)
 .text.bitmap_layer_set_compositing_mode
                0x0000000000000000        0xc /Users/joshuajiang/pebble-dev/PebbleSDK-2.0-BETA4/Pebble/lib/libpebble.a(tmp9Q2g01pebble.o)
 .text.bluetooth_connection_service_peek
                0x0000000000000000        0xc /Users/joshuajiang/pebble-dev/PebbleSDK-2.0-BETA4/Pebble/lib/libpebble.a(tmp9Q2g01pebble.o)
 .text.bluetooth_connection_service_subscribe
                0x0000000000000000        0xc /Users/joshuajiang/pebble-dev/PebbleSDK-2.0-BETA4/Pebble/lib/libpebble.a(tmp9Q2g01pebble.o)
 .text.bluetooth_connection_service_unsubscribe
                0x0000000000000000        0xc /Users/joshuajiang/pebble-dev/PebbleSDK-2.0-BETA4/Pebble/lib/libpebble.a(tmp9Q2g01pebble.o)
 .text.click_number_of_clicks_counted
                0x0000000000000000        0xc /Users/joshuajiang/pebble-dev/PebbleSDK-2.0-BETA4/Pebble/lib/libpebble.a(tmp9Q2g01pebble.o)
 .text.click_recognizer_get_button_id
                0x0000000000000000        0xc /Users/joshuajiang/pebble-dev/PebbleSDK-2.0-BETA4/Pebble/lib/libpebble.a(tmp9Q2g01pebble.o)
 .text.clock_copy_time_string
                0x0000000000000000        0xc /Users/joshuajiang/pebble-dev/PebbleSDK-2.0-BETA4/Pebble/lib/libpebble.a(tmp9Q2g01pebble.o)
 .text.cos_lookup
                0x0000000000000000        0xc /Users/joshuajiang/pebble-dev/PebbleSDK-2.0-BETA4/Pebble/lib/libpebble.a(tmp9Q2g01pebble.o)
 .text.data_logging_create
                0x0000000000000000        0xc /Users/joshuajiang/pebble-dev/PebbleSDK-2.0-BETA4/Pebble/lib/libpebble.a(tmp9Q2g01pebble.o)
 .text.data_logging_finish
                0x0000000000000000        0xc /Users/joshuajiang/pebble-dev/PebbleSDK-2.0-BETA4/Pebble/lib/libpebble.a(tmp9Q2g01pebble.o)
 .text.data_logging_log
                0x0000000000000000        0xc /Users/joshuajiang/pebble-dev/PebbleSDK-2.0-BETA4/Pebble/lib/libpebble.a(tmp9Q2g01pebble.o)
 .text.dict_calc_buffer_size
                0x0000000000000000        0xc /Users/joshuajiang/pebble-dev/PebbleSDK-2.0-BETA4/Pebble/lib/libpebble.a(tmp9Q2g01pebble.o)
 .text.dict_calc_buffer_size_from_tuplets
                0x0000000000000000        0xc /Users/joshuajiang/pebble-dev/PebbleSDK-2.0-BETA4/Pebble/lib/libpebble.a(tmp9Q2g01pebble.o)
 .text.dict_find
                0x0000000000000000        0xc /Users/joshuajiang/pebble-dev/PebbleSDK-2.0-BETA4/Pebble/lib/libpebble.a(tmp9Q2g01pebble.o)
 .text.dict_merge
                0x0000000000000000        0xc /Users/joshuajiang/pebble-dev/PebbleSDK-2.0-BETA4/Pebble/lib/libpebble.a(tmp9Q2g01pebble.o)
 .text.dict_read_begin_from_buffer
                0x0000000000000000        0xc /Users/joshuajiang/pebble-dev/PebbleSDK-2.0-BETA4/Pebble/lib/libpebble.a(tmp9Q2g01pebble.o)
 .text.dict_read_first
                0x0000000000000000        0xc /Users/joshuajiang/pebble-dev/PebbleSDK-2.0-BETA4/Pebble/lib/libpebble.a(tmp9Q2g01pebble.o)
 .text.dict_read_next
                0x0000000000000000        0xc /Users/joshuajiang/pebble-dev/PebbleSDK-2.0-BETA4/Pebble/lib/libpebble.a(tmp9Q2g01pebble.o)
 .text.dict_serialize_tuplets
                0x0000000000000000        0xc /Users/joshuajiang/pebble-dev/PebbleSDK-2.0-BETA4/Pebble/lib/libpebble.a(tmp9Q2g01pebble.o)
 .text.dict_serialize_tuplets_to_buffer__deprecated
                0x0000000000000000        0xc /Users/joshuajiang/pebble-dev/PebbleSDK-2.0-BETA4/Pebble/lib/libpebble.a(tmp9Q2g01pebble.o)
 .text.dict_serialize_tuplets_to_buffer_with_iter
                0x0000000000000000        0xc /Users/joshuajiang/pebble-dev/PebbleSDK-2.0-BETA4/Pebble/lib/libpebble.a(tmp9Q2g01pebble.o)
 .text.dict_write_begin
                0x0000000000000000        0xc /Users/joshuajiang/pebble-dev/PebbleSDK-2.0-BETA4/Pebble/lib/libpebble.a(tmp9Q2g01pebble.o)
 .text.dict_write_cstring
                0x0000000000000000        0xc /Users/joshuajiang/pebble-dev/PebbleSDK-2.0-BETA4/Pebble/lib/libpebble.a(tmp9Q2g01pebble.o)
 .text.dict_write_data
                0x0000000000000000        0xc /Users/joshuajiang/pebble-dev/PebbleSDK-2.0-BETA4/Pebble/lib/libpebble.a(tmp9Q2g01pebble.o)
 .text.dict_write_end
                0x0000000000000000        0xc /Users/joshuajiang/pebble-dev/PebbleSDK-2.0-BETA4/Pebble/lib/libpebble.a(tmp9Q2g01pebble.o)
 .text.dict_write_int
                0x0000000000000000        0xc /Users/joshuajiang/pebble-dev/PebbleSDK-2.0-BETA4/Pebble/lib/libpebble.a(tmp9Q2g01pebble.o)
 .text.dict_write_int16
                0x0000000000000000        0xc /Users/joshuajiang/pebble-dev/PebbleSDK-2.0-BETA4/Pebble/lib/libpebble.a(tmp9Q2g01pebble.o)
 .text.dict_write_int32
                0x0000000000000000        0xc /Users/joshuajiang/pebble-dev/PebbleSDK-2.0-BETA4/Pebble/lib/libpebble.a(tmp9Q2g01pebble.o)
 .text.dict_write_int8
                0x0000000000000000        0xc /Users/joshuajiang/pebble-dev/PebbleSDK-2.0-BETA4/Pebble/lib/libpebble.a(tmp9Q2g01pebble.o)
 .text.dict_write_tuplet
                0x0000000000000000        0xc /Users/joshuajiang/pebble-dev/PebbleSDK-2.0-BETA4/Pebble/lib/libpebble.a(tmp9Q2g01pebble.o)
 .text.dict_write_uint16
                0x0000000000000000        0xc /Users/joshuajiang/pebble-dev/PebbleSDK-2.0-BETA4/Pebble/lib/libpebble.a(tmp9Q2g01pebble.o)
 .text.dict_write_uint32
                0x0000000000000000        0xc /Users/joshuajiang/pebble-dev/PebbleSDK-2.0-BETA4/Pebble/lib/libpebble.a(tmp9Q2g01pebble.o)
 .text.dict_write_uint8
                0x0000000000000000        0xc /Users/joshuajiang/pebble-dev/PebbleSDK-2.0-BETA4/Pebble/lib/libpebble.a(tmp9Q2g01pebble.o)
 .text.fonts_get_system_font
                0x0000000000000000        0xc /Users/joshuajiang/pebble-dev/PebbleSDK-2.0-BETA4/Pebble/lib/libpebble.a(tmp9Q2g01pebble.o)
 .text.fonts_unload_custom_font
                0x0000000000000000        0xc /Users/joshuajiang/pebble-dev/PebbleSDK-2.0-BETA4/Pebble/lib/libpebble.a(tmp9Q2g01pebble.o)
 .text.free     0x0000000000000000        0xc /Users/joshuajiang/pebble-dev/PebbleSDK-2.0-BETA4/Pebble/lib/libpebble.a(tmp9Q2g01pebble.o)
 .text.gbitmap_create_as_sub_bitmap
                0x0000000000000000        0xc /Users/joshuajiang/pebble-dev/PebbleSDK-2.0-BETA4/Pebble/lib/libpebble.a(tmp9Q2g01pebble.o)
 .text.gbitmap_create_with_data
                0x0000000000000000        0xc /Users/joshuajiang/pebble-dev/PebbleSDK-2.0-BETA4/Pebble/lib/libpebble.a(tmp9Q2g01pebble.o)
 .text.gbitmap_create_with_resource
                0x0000000000000000        0xc /Users/joshuajiang/pebble-dev/PebbleSDK-2.0-BETA4/Pebble/lib/libpebble.a(tmp9Q2g01pebble.o)
 .text.gbitmap_destroy
                0x0000000000000000        0xc /Users/joshuajiang/pebble-dev/PebbleSDK-2.0-BETA4/Pebble/lib/libpebble.a(tmp9Q2g01pebble.o)
 .text.gmtime   0x0000000000000000        0xc /Users/joshuajiang/pebble-dev/PebbleSDK-2.0-BETA4/Pebble/lib/libpebble.a(tmp9Q2g01pebble.o)
 .text.gpath_create
                0x0000000000000000        0xc /Users/joshuajiang/pebble-dev/PebbleSDK-2.0-BETA4/Pebble/lib/libpebble.a(tmp9Q2g01pebble.o)
 .text.gpath_destroy
                0x0000000000000000        0xc /Users/joshuajiang/pebble-dev/PebbleSDK-2.0-BETA4/Pebble/lib/libpebble.a(tmp9Q2g01pebble.o)
 .text.gpath_draw_filled
                0x0000000000000000        0xc /Users/joshuajiang/pebble-dev/PebbleSDK-2.0-BETA4/Pebble/lib/libpebble.a(tmp9Q2g01pebble.o)
 .text.gpath_draw_outline
                0x0000000000000000        0xc /Users/joshuajiang/pebble-dev/PebbleSDK-2.0-BETA4/Pebble/lib/libpebble.a(tmp9Q2g01pebble.o)
 .text.gpath_move_to
                0x0000000000000000        0xc /Users/joshuajiang/pebble-dev/PebbleSDK-2.0-BETA4/Pebble/lib/libpebble.a(tmp9Q2g01pebble.o)
 .text.gpath_rotate_to
                0x0000000000000000        0xc /Users/joshuajiang/pebble-dev/PebbleSDK-2.0-BETA4/Pebble/lib/libpebble.a(tmp9Q2g01pebble.o)
 .text.gpoint_equal
                0x0000000000000000        0xc /Users/joshuajiang/pebble-dev/PebbleSDK-2.0-BETA4/Pebble/lib/libpebble.a(tmp9Q2g01pebble.o)
 .text.graphics_context_set_compositing_mode
                0x0000000000000000        0xc /Users/joshuajiang/pebble-dev/PebbleSDK-2.0-BETA4/Pebble/lib/libpebble.a(tmp9Q2g01pebble.o)
 .text.graphics_context_set_fill_color
                0x0000000000000000        0xc /Users/joshuajiang/pebble-dev/PebbleSDK-2.0-BETA4/Pebble/lib/libpebble.a(tmp9Q2g01pebble.o)
 .text.graphics_context_set_stroke_color
                0x0000000000000000        0xc /Users/joshuajiang/pebble-dev/PebbleSDK-2.0-BETA4/Pebble/lib/libpebble.a(tmp9Q2g01pebble.o)
 .text.graphics_context_set_text_color
                0x0000000000000000        0xc /Users/joshuajiang/pebble-dev/PebbleSDK-2.0-BETA4/Pebble/lib/libpebble.a(tmp9Q2g01pebble.o)
 .text.graphics_draw_bitmap_in_rect
                0x0000000000000000        0xc /Users/joshuajiang/pebble-dev/PebbleSDK-2.0-BETA4/Pebble/lib/libpebble.a(tmp9Q2g01pebble.o)
 .text.graphics_draw_circle
                0x0000000000000000        0xc /Users/joshuajiang/pebble-dev/PebbleSDK-2.0-BETA4/Pebble/lib/libpebble.a(tmp9Q2g01pebble.o)
 .text.graphics_draw_line
                0x0000000000000000        0xc /Users/joshuajiang/pebble-dev/PebbleSDK-2.0-BETA4/Pebble/lib/libpebble.a(tmp9Q2g01pebble.o)
 .text.graphics_draw_pixel
                0x0000000000000000        0xc /Users/joshuajiang/pebble-dev/PebbleSDK-2.0-BETA4/Pebble/lib/libpebble.a(tmp9Q2g01pebble.o)
 .text.graphics_draw_rect
                0x0000000000000000        0xc /Users/joshuajiang/pebble-dev/PebbleSDK-2.0-BETA4/Pebble/lib/libpebble.a(tmp9Q2g01pebble.o)
 .text.graphics_draw_round_rect
                0x0000000000000000        0xc /Users/joshuajiang/pebble-dev/PebbleSDK-2.0-BETA4/Pebble/lib/libpebble.a(tmp9Q2g01pebble.o)
 .text.graphics_fill_circle
                0x0000000000000000        0xc /Users/joshuajiang/pebble-dev/PebbleSDK-2.0-BETA4/Pebble/lib/libpebble.a(tmp9Q2g01pebble.o)
 .text.graphics_fill_rect
                0x0000000000000000        0xc /Users/joshuajiang/pebble-dev/PebbleSDK-2.0-BETA4/Pebble/lib/libpebble.a(tmp9Q2g01pebble.o)
 .text.graphics_text_layout_get_max_used_size
                0x0000000000000000        0xc /Users/joshuajiang/pebble-dev/PebbleSDK-2.0-BETA4/Pebble/lib/libpebble.a(tmp9Q2g01pebble.o)
 .text.grect_align
                0x0000000000000000        0xc /Users/joshuajiang/pebble-dev/PebbleSDK-2.0-BETA4/Pebble/lib/libpebble.a(tmp9Q2g01pebble.o)
 .text.grect_center_point
                0x0000000000000000        0xc /Users/joshuajiang/pebble-dev/PebbleSDK-2.0-BETA4/Pebble/lib/libpebble.a(tmp9Q2g01pebble.o)
 .text.grect_clip
                0x0000000000000000        0xc /Users/joshuajiang/pebble-dev/PebbleSDK-2.0-BETA4/Pebble/lib/libpebble.a(tmp9Q2g01pebble.o)
 .text.grect_contains_point
                0x0000000000000000        0xc /Users/joshuajiang/pebble-dev/PebbleSDK-2.0-BETA4/Pebble/lib/libpebble.a(tmp9Q2g01pebble.o)
 .text.grect_crop
                0x0000000000000000        0xc /Users/joshuajiang/pebble-dev/PebbleSDK-2.0-BETA4/Pebble/lib/libpebble.a(tmp9Q2g01pebble.o)
 .text.grect_equal
                0x0000000000000000        0xc /Users/joshuajiang/pebble-dev/PebbleSDK-2.0-BETA4/Pebble/lib/libpebble.a(tmp9Q2g01pebble.o)
 .text.grect_is_empty
                0x0000000000000000        0xc /Users/joshuajiang/pebble-dev/PebbleSDK-2.0-BETA4/Pebble/lib/libpebble.a(tmp9Q2g01pebble.o)
 .text.grect_standardize
                0x0000000000000000        0xc /Users/joshuajiang/pebble-dev/PebbleSDK-2.0-BETA4/Pebble/lib/libpebble.a(tmp9Q2g01pebble.o)
 .text.gsize_equal
                0x0000000000000000        0xc /Users/joshuajiang/pebble-dev/PebbleSDK-2.0-BETA4/Pebble/lib/libpebble.a(tmp9Q2g01pebble.o)
 .text.layer_create
                0x0000000000000000        0xc /Users/joshuajiang/pebble-dev/PebbleSDK-2.0-BETA4/Pebble/lib/libpebble.a(tmp9Q2g01pebble.o)
 .text.layer_create_with_data
                0x0000000000000000        0xc /Users/joshuajiang/pebble-dev/PebbleSDK-2.0-BETA4/Pebble/lib/libpebble.a(tmp9Q2g01pebble.o)
 .text.layer_destroy
                0x0000000000000000        0xc /Users/joshuajiang/pebble-dev/PebbleSDK-2.0-BETA4/Pebble/lib/libpebble.a(tmp9Q2g01pebble.o)
 .text.layer_get_bounds
                0x0000000000000000        0xc /Users/joshuajiang/pebble-dev/PebbleSDK-2.0-BETA4/Pebble/lib/libpebble.a(tmp9Q2g01pebble.o)
 .text.layer_get_clips
                0x0000000000000000        0xc /Users/joshuajiang/pebble-dev/PebbleSDK-2.0-BETA4/Pebble/lib/libpebble.a(tmp9Q2g01pebble.o)
 .text.layer_get_data
                0x0000000000000000        0xc /Users/joshuajiang/pebble-dev/PebbleSDK-2.0-BETA4/Pebble/lib/libpebble.a(tmp9Q2g01pebble.o)
 .text.layer_get_frame
                0x0000000000000000        0xc /Users/joshuajiang/pebble-dev/PebbleSDK-2.0-BETA4/Pebble/lib/libpebble.a(tmp9Q2g01pebble.o)
 .text.layer_get_hidden
                0x0000000000000000        0xc /Users/joshuajiang/pebble-dev/PebbleSDK-2.0-BETA4/Pebble/lib/libpebble.a(tmp9Q2g01pebble.o)
 .text.layer_get_window
                0x0000000000000000        0xc /Users/joshuajiang/pebble-dev/PebbleSDK-2.0-BETA4/Pebble/lib/libpebble.a(tmp9Q2g01pebble.o)
 .text.layer_insert_above_sibling
                0x0000000000000000        0xc /Users/joshuajiang/pebble-dev/PebbleSDK-2.0-BETA4/Pebble/lib/libpebble.a(tmp9Q2g01pebble.o)
 .text.layer_insert_below_sibling
                0x0000000000000000        0xc /Users/joshuajiang/pebble-dev/PebbleSDK-2.0-BETA4/Pebble/lib/libpebble.a(tmp9Q2g01pebble.o)
 .text.layer_mark_dirty
                0x0000000000000000        0xc /Users/joshuajiang/pebble-dev/PebbleSDK-2.0-BETA4/Pebble/lib/libpebble.a(tmp9Q2g01pebble.o)
 .text.layer_remove_child_layers
                0x0000000000000000        0xc /Users/joshuajiang/pebble-dev/PebbleSDK-2.0-BETA4/Pebble/lib/libpebble.a(tmp9Q2g01pebble.o)
 .text.layer_remove_from_parent
                0x0000000000000000        0xc /Users/joshuajiang/pebble-dev/PebbleSDK-2.0-BETA4/Pebble/lib/libpebble.a(tmp9Q2g01pebble.o)
 .text.layer_set_bounds
                0x0000000000000000        0xc /Users/joshuajiang/pebble-dev/PebbleSDK-2.0-BETA4/Pebble/lib/libpebble.a(tmp9Q2g01pebble.o)
 .text.layer_set_clips
                0x0000000000000000        0xc /Users/joshuajiang/pebble-dev/PebbleSDK-2.0-BETA4/Pebble/lib/libpebble.a(tmp9Q2g01pebble.o)
 .text.layer_set_frame
                0x0000000000000000        0xc /Users/joshuajiang/pebble-dev/PebbleSDK-2.0-BETA4/Pebble/lib/libpebble.a(tmp9Q2g01pebble.o)
 .text.layer_set_hidden
                0x0000000000000000        0xc /Users/joshuajiang/pebble-dev/PebbleSDK-2.0-BETA4/Pebble/lib/libpebble.a(tmp9Q2g01pebble.o)
 .text.layer_set_update_proc
                0x0000000000000000        0xc /Users/joshuajiang/pebble-dev/PebbleSDK-2.0-BETA4/Pebble/lib/libpebble.a(tmp9Q2g01pebble.o)
 .text.light_enable
                0x0000000000000000        0xc /Users/joshuajiang/pebble-dev/PebbleSDK-2.0-BETA4/Pebble/lib/libpebble.a(tmp9Q2g01pebble.o)
 .text.light_enable_interaction
                0x0000000000000000        0xc /Users/joshuajiang/pebble-dev/PebbleSDK-2.0-BETA4/Pebble/lib/libpebble.a(tmp9Q2g01pebble.o)
 .text.malloc   0x0000000000000000        0xc /Users/joshuajiang/pebble-dev/PebbleSDK-2.0-BETA4/Pebble/lib/libpebble.a(tmp9Q2g01pebble.o)
 .text.memcpy   0x0000000000000000        0xc /Users/joshuajiang/pebble-dev/PebbleSDK-2.0-BETA4/Pebble/lib/libpebble.a(tmp9Q2g01pebble.o)
 .text.memmove  0x0000000000000000        0xc /Users/joshuajiang/pebble-dev/PebbleSDK-2.0-BETA4/Pebble/lib/libpebble.a(tmp9Q2g01pebble.o)
 .text.menu_cell_basic_draw
                0x0000000000000000        0xc /Users/joshuajiang/pebble-dev/PebbleSDK-2.0-BETA4/Pebble/lib/libpebble.a(tmp9Q2g01pebble.o)
 .text.menu_cell_basic_header_draw
                0x0000000000000000        0xc /Users/joshuajiang/pebble-dev/PebbleSDK-2.0-BETA4/Pebble/lib/libpebble.a(tmp9Q2g01pebble.o)
 .text.menu_cell_title_draw
                0x0000000000000000        0xc /Users/joshuajiang/pebble-dev/PebbleSDK-2.0-BETA4/Pebble/lib/libpebble.a(tmp9Q2g01pebble.o)
 .text.menu_index_compare
                0x0000000000000000        0xc /Users/joshuajiang/pebble-dev/PebbleSDK-2.0-BETA4/Pebble/lib/libpebble.a(tmp9Q2g01pebble.o)
 .text.menu_layer_create
                0x0000000000000000        0xc /Users/joshuajiang/pebble-dev/PebbleSDK-2.0-BETA4/Pebble/lib/libpebble.a(tmp9Q2g01pebble.o)
 .text.menu_layer_destroy
                0x0000000000000000        0xc /Users/joshuajiang/pebble-dev/PebbleSDK-2.0-BETA4/Pebble/lib/libpebble.a(tmp9Q2g01pebble.o)
 .text.menu_layer_get_layer
                0x0000000000000000        0xc /Users/joshuajiang/pebble-dev/PebbleSDK-2.0-BETA4/Pebble/lib/libpebble.a(tmp9Q2g01pebble.o)
 .text.menu_layer_get_scroll_layer
                0x0000000000000000        0xc /Users/joshuajiang/pebble-dev/PebbleSDK-2.0-BETA4/Pebble/lib/libpebble.a(tmp9Q2g01pebble.o)
 .text.menu_layer_get_selected_index
                0x0000000000000000        0xc /Users/joshuajiang/pebble-dev/PebbleSDK-2.0-BETA4/Pebble/lib/libpebble.a(tmp9Q2g01pebble.o)
 .text.menu_layer_reload_data
                0x0000000000000000        0xc /Users/joshuajiang/pebble-dev/PebbleSDK-2.0-BETA4/Pebble/lib/libpebble.a(tmp9Q2g01pebble.o)
 .text.menu_layer_set_callbacks
                0x0000000000000000        0xc /Users/joshuajiang/pebble-dev/PebbleSDK-2.0-BETA4/Pebble/lib/libpebble.a(tmp9Q2g01pebble.o)
 .text.menu_layer_set_click_config_onto_window
                0x0000000000000000        0xc /Users/joshuajiang/pebble-dev/PebbleSDK-2.0-BETA4/Pebble/lib/libpebble.a(tmp9Q2g01pebble.o)
 .text.menu_layer_set_selected_index
                0x0000000000000000        0xc /Users/joshuajiang/pebble-dev/PebbleSDK-2.0-BETA4/Pebble/lib/libpebble.a(tmp9Q2g01pebble.o)
 .text.menu_layer_set_selected_next
                0x0000000000000000        0xc /Users/joshuajiang/pebble-dev/PebbleSDK-2.0-BETA4/Pebble/lib/libpebble.a(tmp9Q2g01pebble.o)
 .text.number_window_create
                0x0000000000000000        0xc /Users/joshuajiang/pebble-dev/PebbleSDK-2.0-BETA4/Pebble/lib/libpebble.a(tmp9Q2g01pebble.o)
 .text.number_window_destroy
                0x0000000000000000        0xc /Users/joshuajiang/pebble-dev/PebbleSDK-2.0-BETA4/Pebble/lib/libpebble.a(tmp9Q2g01pebble.o)
 .text.number_window_get_value
                0x0000000000000000        0xc /Users/joshuajiang/pebble-dev/PebbleSDK-2.0-BETA4/Pebble/lib/libpebble.a(tmp9Q2g01pebble.o)
 .text.number_window_set_label
                0x0000000000000000        0xc /Users/joshuajiang/pebble-dev/PebbleSDK-2.0-BETA4/Pebble/lib/libpebble.a(tmp9Q2g01pebble.o)
 .text.number_window_set_max
                0x0000000000000000        0xc /Users/joshuajiang/pebble-dev/PebbleSDK-2.0-BETA4/Pebble/lib/libpebble.a(tmp9Q2g01pebble.o)
 .text.number_window_set_min
                0x0000000000000000        0xc /Users/joshuajiang/pebble-dev/PebbleSDK-2.0-BETA4/Pebble/lib/libpebble.a(tmp9Q2g01pebble.o)
 .text.number_window_set_step_size
                0x0000000000000000        0xc /Users/joshuajiang/pebble-dev/PebbleSDK-2.0-BETA4/Pebble/lib/libpebble.a(tmp9Q2g01pebble.o)
 .text.number_window_set_value
                0x0000000000000000        0xc /Users/joshuajiang/pebble-dev/PebbleSDK-2.0-BETA4/Pebble/lib/libpebble.a(tmp9Q2g01pebble.o)
 .text.persist_delete
                0x0000000000000000        0xc /Users/joshuajiang/pebble-dev/PebbleSDK-2.0-BETA4/Pebble/lib/libpebble.a(tmp9Q2g01pebble.o)
 .text.persist_exists
                0x0000000000000000        0xc /Users/joshuajiang/pebble-dev/PebbleSDK-2.0-BETA4/Pebble/lib/libpebble.a(tmp9Q2g01pebble.o)
 .text.persist_get_size
                0x0000000000000000        0xc /Users/joshuajiang/pebble-dev/PebbleSDK-2.0-BETA4/Pebble/lib/libpebble.a(tmp9Q2g01pebble.o)
 .text.persist_read_bool
                0x0000000000000000        0xc /Users/joshuajiang/pebble-dev/PebbleSDK-2.0-BETA4/Pebble/lib/libpebble.a(tmp9Q2g01pebble.o)
 .text.persist_read_data__deprecated
                0x0000000000000000        0xc /Users/joshuajiang/pebble-dev/PebbleSDK-2.0-BETA4/Pebble/lib/libpebble.a(tmp9Q2g01pebble.o)
 .text.persist_read_int
                0x0000000000000000        0xc /Users/joshuajiang/pebble-dev/PebbleSDK-2.0-BETA4/Pebble/lib/libpebble.a(tmp9Q2g01pebble.o)
 .text.persist_read_string__deprecated
                0x0000000000000000        0xc /Users/joshuajiang/pebble-dev/PebbleSDK-2.0-BETA4/Pebble/lib/libpebble.a(tmp9Q2g01pebble.o)
 .text.persist_write_bool
                0x0000000000000000        0xc /Users/joshuajiang/pebble-dev/PebbleSDK-2.0-BETA4/Pebble/lib/libpebble.a(tmp9Q2g01pebble.o)
 .text.persist_write_data__deprecated
                0x0000000000000000        0xc /Users/joshuajiang/pebble-dev/PebbleSDK-2.0-BETA4/Pebble/lib/libpebble.a(tmp9Q2g01pebble.o)
 .text.persist_write_int
                0x0000000000000000        0xc /Users/joshuajiang/pebble-dev/PebbleSDK-2.0-BETA4/Pebble/lib/libpebble.a(tmp9Q2g01pebble.o)
 .text.persist_write_string
                0x0000000000000000        0xc /Users/joshuajiang/pebble-dev/PebbleSDK-2.0-BETA4/Pebble/lib/libpebble.a(tmp9Q2g01pebble.o)
 .text.property_animation_create
                0x0000000000000000        0xc /Users/joshuajiang/pebble-dev/PebbleSDK-2.0-BETA4/Pebble/lib/libpebble.a(tmp9Q2g01pebble.o)
 .text.property_animation_update_gpoint
                0x0000000000000000        0xc /Users/joshuajiang/pebble-dev/PebbleSDK-2.0-BETA4/Pebble/lib/libpebble.a(tmp9Q2g01pebble.o)
 .text.property_animation_update_grect
                0x0000000000000000        0xc /Users/joshuajiang/pebble-dev/PebbleSDK-2.0-BETA4/Pebble/lib/libpebble.a(tmp9Q2g01pebble.o)
 .text.property_animation_update_int16
                0x0000000000000000        0xc /Users/joshuajiang/pebble-dev/PebbleSDK-2.0-BETA4/Pebble/lib/libpebble.a(tmp9Q2g01pebble.o)
 .text.psleep   0x0000000000000000        0xc /Users/joshuajiang/pebble-dev/PebbleSDK-2.0-BETA4/Pebble/lib/libpebble.a(tmp9Q2g01pebble.o)
 .text.rand     0x0000000000000000        0xc /Users/joshuajiang/pebble-dev/PebbleSDK-2.0-BETA4/Pebble/lib/libpebble.a(tmp9Q2g01pebble.o)
 .text.resource_load
                0x0000000000000000        0xc /Users/joshuajiang/pebble-dev/PebbleSDK-2.0-BETA4/Pebble/lib/libpebble.a(tmp9Q2g01pebble.o)
 .text.resource_load_byte_range
                0x0000000000000000        0xc /Users/joshuajiang/pebble-dev/PebbleSDK-2.0-BETA4/Pebble/lib/libpebble.a(tmp9Q2g01pebble.o)
 .text.resource_size
                0x0000000000000000        0xc /Users/joshuajiang/pebble-dev/PebbleSDK-2.0-BETA4/Pebble/lib/libpebble.a(tmp9Q2g01pebble.o)
 .text.rot_bitmap_layer_create
                0x0000000000000000        0xc /Users/joshuajiang/pebble-dev/PebbleSDK-2.0-BETA4/Pebble/lib/libpebble.a(tmp9Q2g01pebble.o)
 .text.rot_bitmap_layer_destroy
                0x0000000000000000        0xc /Users/joshuajiang/pebble-dev/PebbleSDK-2.0-BETA4/Pebble/lib/libpebble.a(tmp9Q2g01pebble.o)
 .text.rot_bitmap_layer_increment_angle
                0x0000000000000000        0xc /Users/joshuajiang/pebble-dev/PebbleSDK-2.0-BETA4/Pebble/lib/libpebble.a(tmp9Q2g01pebble.o)
 .text.rot_bitmap_layer_set_angle
                0x0000000000000000        0xc /Users/joshuajiang/pebble-dev/PebbleSDK-2.0-BETA4/Pebble/lib/libpebble.a(tmp9Q2g01pebble.o)
 .text.rot_bitmap_layer_set_corner_clip_color
                0x0000000000000000        0xc /Users/joshuajiang/pebble-dev/PebbleSDK-2.0-BETA4/Pebble/lib/libpebble.a(tmp9Q2g01pebble.o)
 .text.rot_bitmap_set_compositing_mode
                0x0000000000000000        0xc /Users/joshuajiang/pebble-dev/PebbleSDK-2.0-BETA4/Pebble/lib/libpebble.a(tmp9Q2g01pebble.o)
 .text.rot_bitmap_set_src_ic
                0x0000000000000000        0xc /Users/joshuajiang/pebble-dev/PebbleSDK-2.0-BETA4/Pebble/lib/libpebble.a(tmp9Q2g01pebble.o)
 .text.scroll_layer_add_child
                0x0000000000000000        0xc /Users/joshuajiang/pebble-dev/PebbleSDK-2.0-BETA4/Pebble/lib/libpebble.a(tmp9Q2g01pebble.o)
 .text.scroll_layer_create
                0x0000000000000000        0xc /Users/joshuajiang/pebble-dev/PebbleSDK-2.0-BETA4/Pebble/lib/libpebble.a(tmp9Q2g01pebble.o)
 .text.scroll_layer_destroy
                0x0000000000000000        0xc /Users/joshuajiang/pebble-dev/PebbleSDK-2.0-BETA4/Pebble/lib/libpebble.a(tmp9Q2g01pebble.o)
 .text.scroll_layer_get_content_offset
                0x0000000000000000        0xc /Users/joshuajiang/pebble-dev/PebbleSDK-2.0-BETA4/Pebble/lib/libpebble.a(tmp9Q2g01pebble.o)
 .text.scroll_layer_get_content_size
                0x0000000000000000        0xc /Users/joshuajiang/pebble-dev/PebbleSDK-2.0-BETA4/Pebble/lib/libpebble.a(tmp9Q2g01pebble.o)
 .text.scroll_layer_get_layer
                0x0000000000000000        0xc /Users/joshuajiang/pebble-dev/PebbleSDK-2.0-BETA4/Pebble/lib/libpebble.a(tmp9Q2g01pebble.o)
 .text.scroll_layer_get_shadow_hidden
                0x0000000000000000        0xc /Users/joshuajiang/pebble-dev/PebbleSDK-2.0-BETA4/Pebble/lib/libpebble.a(tmp9Q2g01pebble.o)
 .text.scroll_layer_scroll_down_click_handler
                0x0000000000000000        0xc /Users/joshuajiang/pebble-dev/PebbleSDK-2.0-BETA4/Pebble/lib/libpebble.a(tmp9Q2g01pebble.o)
 .text.scroll_layer_scroll_up_click_handler
                0x0000000000000000        0xc /Users/joshuajiang/pebble-dev/PebbleSDK-2.0-BETA4/Pebble/lib/libpebble.a(tmp9Q2g01pebble.o)
 .text.scroll_layer_set_callbacks
                0x0000000000000000        0xc /Users/joshuajiang/pebble-dev/PebbleSDK-2.0-BETA4/Pebble/lib/libpebble.a(tmp9Q2g01pebble.o)
 .text.scroll_layer_set_click_config_onto_window
                0x0000000000000000        0xc /Users/joshuajiang/pebble-dev/PebbleSDK-2.0-BETA4/Pebble/lib/libpebble.a(tmp9Q2g01pebble.o)
 .text.scroll_layer_set_content_offset
                0x0000000000000000        0xc /Users/joshuajiang/pebble-dev/PebbleSDK-2.0-BETA4/Pebble/lib/libpebble.a(tmp9Q2g01pebble.o)
 .text.scroll_layer_set_content_size
                0x0000000000000000        0xc /Users/joshuajiang/pebble-dev/PebbleSDK-2.0-BETA4/Pebble/lib/libpebble.a(tmp9Q2g01pebble.o)
 .text.scroll_layer_set_context
                0x0000000000000000        0xc /Users/joshuajiang/pebble-dev/PebbleSDK-2.0-BETA4/Pebble/lib/libpebble.a(tmp9Q2g01pebble.o)
 .text.scroll_layer_set_frame
                0x0000000000000000        0xc /Users/joshuajiang/pebble-dev/PebbleSDK-2.0-BETA4/Pebble/lib/libpebble.a(tmp9Q2g01pebble.o)
 .text.scroll_layer_set_shadow_hidden
                0x0000000000000000        0xc /Users/joshuajiang/pebble-dev/PebbleSDK-2.0-BETA4/Pebble/lib/libpebble.a(tmp9Q2g01pebble.o)
 .text.simple_menu_layer_create
                0x0000000000000000        0xc /Users/joshuajiang/pebble-dev/PebbleSDK-2.0-BETA4/Pebble/lib/libpebble.a(tmp9Q2g01pebble.o)
 .text.simple_menu_layer_destroy
                0x0000000000000000        0xc /Users/joshuajiang/pebble-dev/PebbleSDK-2.0-BETA4/Pebble/lib/libpebble.a(tmp9Q2g01pebble.o)
 .text.simple_menu_layer_get_layer
                0x0000000000000000        0xc /Users/joshuajiang/pebble-dev/PebbleSDK-2.0-BETA4/Pebble/lib/libpebble.a(tmp9Q2g01pebble.o)
 .text.simple_menu_layer_get_selected_index
                0x0000000000000000        0xc /Users/joshuajiang/pebble-dev/PebbleSDK-2.0-BETA4/Pebble/lib/libpebble.a(tmp9Q2g01pebble.o)
 .text.simple_menu_layer_set_selected_index
                0x0000000000000000        0xc /Users/joshuajiang/pebble-dev/PebbleSDK-2.0-BETA4/Pebble/lib/libpebble.a(tmp9Q2g01pebble.o)
 .text.sin_lookup
                0x0000000000000000        0xc /Users/joshuajiang/pebble-dev/PebbleSDK-2.0-BETA4/Pebble/lib/libpebble.a(tmp9Q2g01pebble.o)
 .text.snprintf
                0x0000000000000000        0xc /Users/joshuajiang/pebble-dev/PebbleSDK-2.0-BETA4/Pebble/lib/libpebble.a(tmp9Q2g01pebble.o)
 .text.srand    0x0000000000000000        0xc /Users/joshuajiang/pebble-dev/PebbleSDK-2.0-BETA4/Pebble/lib/libpebble.a(tmp9Q2g01pebble.o)
 .text.strcat   0x0000000000000000        0xc /Users/joshuajiang/pebble-dev/PebbleSDK-2.0-BETA4/Pebble/lib/libpebble.a(tmp9Q2g01pebble.o)
 .text.strcmp   0x0000000000000000        0xc /Users/joshuajiang/pebble-dev/PebbleSDK-2.0-BETA4/Pebble/lib/libpebble.a(tmp9Q2g01pebble.o)
 .text.strcpy   0x0000000000000000        0xc /Users/joshuajiang/pebble-dev/PebbleSDK-2.0-BETA4/Pebble/lib/libpebble.a(tmp9Q2g01pebble.o)
 .text.strlen   0x0000000000000000        0xc /Users/joshuajiang/pebble-dev/PebbleSDK-2.0-BETA4/Pebble/lib/libpebble.a(tmp9Q2g01pebble.o)
 .text.strncat  0x0000000000000000        0xc /Users/joshuajiang/pebble-dev/PebbleSDK-2.0-BETA4/Pebble/lib/libpebble.a(tmp9Q2g01pebble.o)
 .text.strncmp  0x0000000000000000        0xc /Users/joshuajiang/pebble-dev/PebbleSDK-2.0-BETA4/Pebble/lib/libpebble.a(tmp9Q2g01pebble.o)
 .text.strncpy  0x0000000000000000        0xc /Users/joshuajiang/pebble-dev/PebbleSDK-2.0-BETA4/Pebble/lib/libpebble.a(tmp9Q2g01pebble.o)
 .text.text_layer_get_content_size
                0x0000000000000000        0xc /Users/joshuajiang/pebble-dev/PebbleSDK-2.0-BETA4/Pebble/lib/libpebble.a(tmp9Q2g01pebble.o)
 .text.text_layer_get_text
                0x0000000000000000        0xc /Users/joshuajiang/pebble-dev/PebbleSDK-2.0-BETA4/Pebble/lib/libpebble.a(tmp9Q2g01pebble.o)
 .text.text_layer_set_overflow_mode
                0x0000000000000000        0xc /Users/joshuajiang/pebble-dev/PebbleSDK-2.0-BETA4/Pebble/lib/libpebble.a(tmp9Q2g01pebble.o)
 .text.text_layer_set_size
                0x0000000000000000        0xc /Users/joshuajiang/pebble-dev/PebbleSDK-2.0-BETA4/Pebble/lib/libpebble.a(tmp9Q2g01pebble.o)
 .text.time_ms  0x0000000000000000        0xc /Users/joshuajiang/pebble-dev/PebbleSDK-2.0-BETA4/Pebble/lib/libpebble.a(tmp9Q2g01pebble.o)
 .text.vibes_cancel
                0x0000000000000000        0xc /Users/joshuajiang/pebble-dev/PebbleSDK-2.0-BETA4/Pebble/lib/libpebble.a(tmp9Q2g01pebble.o)
 .text.vibes_double_pulse
                0x0000000000000000        0xc /Users/joshuajiang/pebble-dev/PebbleSDK-2.0-BETA4/Pebble/lib/libpebble.a(tmp9Q2g01pebble.o)
 .text.vibes_enqueue_custom_pattern
                0x0000000000000000        0xc /Users/joshuajiang/pebble-dev/PebbleSDK-2.0-BETA4/Pebble/lib/libpebble.a(tmp9Q2g01pebble.o)
 .text.vibes_long_pulse
                0x0000000000000000        0xc /Users/joshuajiang/pebble-dev/PebbleSDK-2.0-BETA4/Pebble/lib/libpebble.a(tmp9Q2g01pebble.o)
 .text.vibes_short_pulse
                0x0000000000000000        0xc /Users/joshuajiang/pebble-dev/PebbleSDK-2.0-BETA4/Pebble/lib/libpebble.a(tmp9Q2g01pebble.o)
 .text.window_get_click_config_provider
                0x0000000000000000        0xc /Users/joshuajiang/pebble-dev/PebbleSDK-2.0-BETA4/Pebble/lib/libpebble.a(tmp9Q2g01pebble.o)
 .text.window_get_fullscreen
                0x0000000000000000        0xc /Users/joshuajiang/pebble-dev/PebbleSDK-2.0-BETA4/Pebble/lib/libpebble.a(tmp9Q2g01pebble.o)
 .text.window_is_loaded
                0x0000000000000000        0xc /Users/joshuajiang/pebble-dev/PebbleSDK-2.0-BETA4/Pebble/lib/libpebble.a(tmp9Q2g01pebble.o)
 .text.window_set_click_config_provider
                0x0000000000000000        0xc /Users/joshuajiang/pebble-dev/PebbleSDK-2.0-BETA4/Pebble/lib/libpebble.a(tmp9Q2g01pebble.o)
 .text.window_set_click_config_provider_with_context
                0x0000000000000000        0xc /Users/joshuajiang/pebble-dev/PebbleSDK-2.0-BETA4/Pebble/lib/libpebble.a(tmp9Q2g01pebble.o)
 .text.window_set_fullscreen
                0x0000000000000000        0xc /Users/joshuajiang/pebble-dev/PebbleSDK-2.0-BETA4/Pebble/lib/libpebble.a(tmp9Q2g01pebble.o)
 .text.window_set_status_bar_icon
                0x0000000000000000        0xc /Users/joshuajiang/pebble-dev/PebbleSDK-2.0-BETA4/Pebble/lib/libpebble.a(tmp9Q2g01pebble.o)
 .text.window_stack_contains_window
                0x0000000000000000        0xc /Users/joshuajiang/pebble-dev/PebbleSDK-2.0-BETA4/Pebble/lib/libpebble.a(tmp9Q2g01pebble.o)
 .text.window_stack_get_top_window
                0x0000000000000000        0xc /Users/joshuajiang/pebble-dev/PebbleSDK-2.0-BETA4/Pebble/lib/libpebble.a(tmp9Q2g01pebble.o)
 .text.window_stack_pop
                0x0000000000000000        0xc /Users/joshuajiang/pebble-dev/PebbleSDK-2.0-BETA4/Pebble/lib/libpebble.a(tmp9Q2g01pebble.o)
 .text.window_stack_pop_all
                0x0000000000000000        0xc /Users/joshuajiang/pebble-dev/PebbleSDK-2.0-BETA4/Pebble/lib/libpebble.a(tmp9Q2g01pebble.o)
 .text.window_stack_remove
                0x0000000000000000        0xc /Users/joshuajiang/pebble-dev/PebbleSDK-2.0-BETA4/Pebble/lib/libpebble.a(tmp9Q2g01pebble.o)
 .text.app_focus_service_subscribe
                0x0000000000000000        0xc /Users/joshuajiang/pebble-dev/PebbleSDK-2.0-BETA4/Pebble/lib/libpebble.a(tmp9Q2g01pebble.o)
 .text.app_focus_service_unsubscribe
                0x0000000000000000        0xc /Users/joshuajiang/pebble-dev/PebbleSDK-2.0-BETA4/Pebble/lib/libpebble.a(tmp9Q2g01pebble.o)
 .text.window_get_user_data
                0x0000000000000000        0xc /Users/joshuajiang/pebble-dev/PebbleSDK-2.0-BETA4/Pebble/lib/libpebble.a(tmp9Q2g01pebble.o)
 .text.window_set_user_data
                0x0000000000000000        0xc /Users/joshuajiang/pebble-dev/PebbleSDK-2.0-BETA4/Pebble/lib/libpebble.a(tmp9Q2g01pebble.o)
 .text.app_message_get_context
                0x0000000000000000        0xc /Users/joshuajiang/pebble-dev/PebbleSDK-2.0-BETA4/Pebble/lib/libpebble.a(tmp9Q2g01pebble.o)
 .text.app_message_inbox_size_maximum
                0x0000000000000000        0xc /Users/joshuajiang/pebble-dev/PebbleSDK-2.0-BETA4/Pebble/lib/libpebble.a(tmp9Q2g01pebble.o)
 .text.app_message_outbox_begin
                0x0000000000000000        0xc /Users/joshuajiang/pebble-dev/PebbleSDK-2.0-BETA4/Pebble/lib/libpebble.a(tmp9Q2g01pebble.o)
 .text.app_message_outbox_send
                0x0000000000000000        0xc /Users/joshuajiang/pebble-dev/PebbleSDK-2.0-BETA4/Pebble/lib/libpebble.a(tmp9Q2g01pebble.o)
 .text.app_message_outbox_size_maximum
                0x0000000000000000        0xc /Users/joshuajiang/pebble-dev/PebbleSDK-2.0-BETA4/Pebble/lib/libpebble.a(tmp9Q2g01pebble.o)
 .text.app_message_register_inbox_dropped
                0x0000000000000000        0xc /Users/joshuajiang/pebble-dev/PebbleSDK-2.0-BETA4/Pebble/lib/libpebble.a(tmp9Q2g01pebble.o)
 .text.app_message_register_inbox_received
                0x0000000000000000        0xc /Users/joshuajiang/pebble-dev/PebbleSDK-2.0-BETA4/Pebble/lib/libpebble.a(tmp9Q2g01pebble.o)
 .text.app_message_register_outbox_failed
                0x0000000000000000        0xc /Users/joshuajiang/pebble-dev/PebbleSDK-2.0-BETA4/Pebble/lib/libpebble.a(tmp9Q2g01pebble.o)
 .text.app_message_register_outbox_sent
                0x0000000000000000        0xc /Users/joshuajiang/pebble-dev/PebbleSDK-2.0-BETA4/Pebble/lib/libpebble.a(tmp9Q2g01pebble.o)
 .text.app_message_set_context
                0x0000000000000000        0xc /Users/joshuajiang/pebble-dev/PebbleSDK-2.0-BETA4/Pebble/lib/libpebble.a(tmp9Q2g01pebble.o)
 .text.window_long_click_subscribe
                0x0000000000000000        0xc /Users/joshuajiang/pebble-dev/PebbleSDK-2.0-BETA4/Pebble/lib/libpebble.a(tmp9Q2g01pebble.o)
 .text.window_multi_click_subscribe
                0x0000000000000000        0xc /Users/joshuajiang/pebble-dev/PebbleSDK-2.0-BETA4/Pebble/lib/libpebble.a(tmp9Q2g01pebble.o)
 .text.window_raw_click_subscribe
                0x0000000000000000        0xc /Users/joshuajiang/pebble-dev/PebbleSDK-2.0-BETA4/Pebble/lib/libpebble.a(tmp9Q2g01pebble.o)
 .text.window_set_click_context
                0x0000000000000000        0xc /Users/joshuajiang/pebble-dev/PebbleSDK-2.0-BETA4/Pebble/lib/libpebble.a(tmp9Q2g01pebble.o)
 .text.window_single_click_subscribe
                0x0000000000000000        0xc /Users/joshuajiang/pebble-dev/PebbleSDK-2.0-BETA4/Pebble/lib/libpebble.a(tmp9Q2g01pebble.o)
 .text.window_single_repeating_click_subscribe
                0x0000000000000000        0xc /Users/joshuajiang/pebble-dev/PebbleSDK-2.0-BETA4/Pebble/lib/libpebble.a(tmp9Q2g01pebble.o)
 .text.graphics_draw_text
                0x0000000000000000        0xc /Users/joshuajiang/pebble-dev/PebbleSDK-2.0-BETA4/Pebble/lib/libpebble.a(tmp9Q2g01pebble.o)
 .text.dict_serialize_tuplets_to_buffer
                0x0000000000000000        0xc /Users/joshuajiang/pebble-dev/PebbleSDK-2.0-BETA4/Pebble/lib/libpebble.a(tmp9Q2g01pebble.o)
 .text.persist_read_data
                0x0000000000000000        0xc /Users/joshuajiang/pebble-dev/PebbleSDK-2.0-BETA4/Pebble/lib/libpebble.a(tmp9Q2g01pebble.o)
 .text.persist_read_string
                0x0000000000000000        0xc /Users/joshuajiang/pebble-dev/PebbleSDK-2.0-BETA4/Pebble/lib/libpebble.a(tmp9Q2g01pebble.o)
 .text.persist_write_data
                0x0000000000000000        0xc /Users/joshuajiang/pebble-dev/PebbleSDK-2.0-BETA4/Pebble/lib/libpebble.a(tmp9Q2g01pebble.o)
 .text.dict_size
                0x0000000000000000        0xc /Users/joshuajiang/pebble-dev/PebbleSDK-2.0-BETA4/Pebble/lib/libpebble.a(tmp9Q2g01pebble.o)
 .text.graphics_text_layout_get_content_size
                0x0000000000000000        0xc /Users/joshuajiang/pebble-dev/PebbleSDK-2.0-BETA4/Pebble/lib/libpebble.a(tmp9Q2g01pebble.o)
 .text.simple_menu_layer_get_menu_layer
                0x0000000000000000        0xc /Users/joshuajiang/pebble-dev/PebbleSDK-2.0-BETA4/Pebble/lib/libpebble.a(tmp9Q2g01pebble.o)
 .text.accel_data_service_subscribe
                0x0000000000000000        0xc /Users/joshuajiang/pebble-dev/PebbleSDK-2.0-BETA4/Pebble/lib/libpebble.a(tmp9Q2g01pebble.o)
 .text.calloc   0x0000000000000000        0xc /Users/joshuajiang/pebble-dev/PebbleSDK-2.0-BETA4/Pebble/lib/libpebble.a(tmp9Q2g01pebble.o)
 .text          0x0000000000000000        0x0 /Users/joshuajiang/pebble-dev/PebbleSDK-2.0-BETA4/arm-cs-tools/bin/../lib/gcc/arm-none-eabi/4.7.2/thumb2/crtend.o
 .bss           0x0000000000000000        0x0 /Users/joshuajiang/pebble-dev/PebbleSDK-2.0-BETA4/arm-cs-tools/bin/../lib/gcc/arm-none-eabi/4.7.2/thumb2/crtend.o
 .eh_frame      0x0000000000000000        0x4 /Users/joshuajiang/pebble-dev/PebbleSDK-2.0-BETA4/arm-cs-tools/bin/../lib/gcc/arm-none-eabi/4.7.2/thumb2/crtend.o
 .jcr           0x0000000000000000        0x4 /Users/joshuajiang/pebble-dev/PebbleSDK-2.0-BETA4/arm-cs-tools/bin/../lib/gcc/arm-none-eabi/4.7.2/thumb2/crtend.o
 .tm_clone_table
                0x0000000000000000        0x0 /Users/joshuajiang/pebble-dev/PebbleSDK-2.0-BETA4/arm-cs-tools/bin/../lib/gcc/arm-none-eabi/4.7.2/thumb2/crtend.o
 .text          0x0000000000000000        0x0 /Users/joshuajiang/pebble-dev/PebbleSDK-2.0-BETA4/arm-cs-tools/bin/../lib/gcc/arm-none-eabi/4.7.2/thumb2/crtn.o
 .bss           0x0000000000000000        0x0 /Users/joshuajiang/pebble-dev/PebbleSDK-2.0-BETA4/arm-cs-tools/bin/../lib/gcc/arm-none-eabi/4.7.2/thumb2/crtn.o
 .init          0x0000000000000000        0x8 /Users/joshuajiang/pebble-dev/PebbleSDK-2.0-BETA4/arm-cs-tools/bin/../lib/gcc/arm-none-eabi/4.7.2/thumb2/crtn.o
 .fini          0x0000000000000000        0x8 /Users/joshuajiang/pebble-dev/PebbleSDK-2.0-BETA4/arm-cs-tools/bin/../lib/gcc/arm-none-eabi/4.7.2/thumb2/crtn.o

Memory Configuration

Name             Origin             Length             Attributes
APP              0x0000000000000000 0x0000000000006000 xrw
*default*        0x0000000000000000 0xffffffffffffffff

Linker script and memory map

LOAD /Users/joshuajiang/pebble-dev/PebbleSDK-2.0-BETA4/arm-cs-tools/bin/../lib/gcc/arm-none-eabi/4.7.2/thumb2/crti.o
LOAD /Users/joshuajiang/pebble-dev/PebbleSDK-2.0-BETA4/arm-cs-tools/bin/../lib/gcc/arm-none-eabi/4.7.2/thumb2/crtbegin.o
LOAD src/BeamUpInvDate.c.10.o
LOAD appinfo.auto.c.10.o
LOAD /Users/joshuajiang/pebble-dev/PebbleSDK-2.0-BETA4/Pebble/lib/libpebble.a
START GROUP
LOAD /Users/joshuajiang/pebble-dev/PebbleSDK-2.0-BETA4/arm-cs-tools/bin/../lib/gcc/arm-none-eabi/4.7.2/thumb2/libgcc.a
LOAD /Users/joshuajiang/pebble-dev/PebbleSDK-2.0-BETA4/arm-cs-tools/bin/../lib/gcc/arm-none-eabi/4.7.2/../../../../arm-none-eabi/lib/thumb2/libc.a
END GROUP
LOAD /Users/joshuajiang/pebble-dev/PebbleSDK-2.0-BETA4/arm-cs-tools/bin/../lib/gcc/arm-none-eabi/4.7.2/thumb2/crtend.o
LOAD /Users/joshuajiang/pebble-dev/PebbleSDK-2.0-BETA4/arm-cs-tools/bin/../lib/gcc/arm-none-eabi/4.7.2/thumb2/crtn.o

.header         0x0000000000000000       0x82
 *(.pbl_header)
 .pbl_header    0x0000000000000000       0x82 appinfo.auto.c.10.o
                0x0000000000000000                __pbl_app_info

.text           0x0000000000000084     0x12b7
 *(.text)
 .text          0x0000000000000084       0x14 /Users/joshuajiang/pebble-dev/PebbleSDK-2.0-BETA4/Pebble/lib/libpebble.a(tmp9Q2g01pebble.o)
 *(.text.*)
 .text.on_animation_stopped
                0x0000000000000098        0x4 src/BeamUpInvDate.c.10.o
                0x0000000000000098                on_animation_stopped
 .text.window_unload
                0x000000000000009c       0xa4 src/BeamUpInvDate.c.10.o
 .text.startup.main
                0x0000000000000140       0x68 src/BeamUpInvDate.c.10.o
                0x0000000000000140                main
 .text.getTimeDigits
                0x00000000000001a8       0xac src/BeamUpInvDate.c.10.o
                0x00000000000001a8                getTimeDigits
 .text.setTimeDigits
                0x0000000000000254       0xc8 src/BeamUpInvDate.c.10.o
                0x0000000000000254                setTimeDigits
 .text.window_load
                0x000000000000031c      0x378 src/BeamUpInvDate.c.10.o
 .text.predictNextDigits
                0x0000000000000694       0xb0 src/BeamUpInvDate.c.10.o
                0x0000000000000694                predictNextDigits
 .text.animate_layer
                0x0000000000000744       0x58 src/BeamUpInvDate.c.10.o
                0x0000000000000744                animate_layer
 .text.handle_tick
                0x000000000000079c      0x8f4 src/BeamUpInvDate.c.10.o
 .text.animation_schedule
                0x0000000000001090        0xc /Users/joshuajiang/pebble-dev/PebbleSDK-2.0-BETA4/Pebble/lib/libpebble.a(tmp9Q2g01pebble.o)
                0x0000000000001090                animation_schedule
 .text.animation_set_curve
                0x000000000000109c        0xc /Users/joshuajiang/pebble-dev/PebbleSDK-2.0-BETA4/Pebble/lib/libpebble.a(tmp9Q2g01pebble.o)
                0x000000000000109c                animation_set_curve
 .text.animation_set_delay
                0x00000000000010a8        0xc /Users/joshuajiang/pebble-dev/PebbleSDK-2.0-BETA4/Pebble/lib/libpebble.a(tmp9Q2g01pebble.o)
                0x00000000000010a8                animation_set_delay
 .text.animation_set_duration
                0x00000000000010b4        0xc /Users/joshuajiang/pebble-dev/PebbleSDK-2.0-BETA4/Pebble/lib/libpebble.a(tmp9Q2g01pebble.o)
                0x00000000000010b4                animation_set_duration
 .text.animation_set_handlers
                0x00000000000010c0        0xc /Users/joshuajiang/pebble-dev/PebbleSDK-2.0-BETA4/Pebble/lib/libpebble.a(tmp9Q2g01pebble.o)
                0x00000000000010c0                animation_set_handlers
 .text.app_event_loop
                0x00000000000010cc        0xc /Users/joshuajiang/pebble-dev/PebbleSDK-2.0-BETA4/Pebble/lib/libpebble.a(tmp9Q2g01pebble.o)
                0x00000000000010cc                app_event_loop
 .text.clock_is_24h_style
                0x00000000000010d8        0xc /Users/joshuajiang/pebble-dev/PebbleSDK-2.0-BETA4/Pebble/lib/libpebble.a(tmp9Q2g01pebble.o)
                0x00000000000010d8                clock_is_24h_style
 .text.fonts_load_custom_font
                0x00000000000010e4        0xc /Users/joshuajiang/pebble-dev/PebbleSDK-2.0-BETA4/Pebble/lib/libpebble.a(tmp9Q2g01pebble.o)
                0x00000000000010e4                fonts_load_custom_font
 .text.inverter_layer_create
                0x00000000000010f0        0xc /Users/joshuajiang/pebble-dev/PebbleSDK-2.0-BETA4/Pebble/lib/libpebble.a(tmp9Q2g01pebble.o)
                0x00000000000010f0                inverter_layer_create
 .text.inverter_layer_destroy
                0x00000000000010fc        0xc /Users/joshuajiang/pebble-dev/PebbleSDK-2.0-BETA4/Pebble/lib/libpebble.a(tmp9Q2g01pebble.o)
                0x00000000000010fc                inverter_layer_destroy
 .text.inverter_layer_get_layer
                0x0000000000001108        0xc /Users/joshuajiang/pebble-dev/PebbleSDK-2.0-BETA4/Pebble/lib/libpebble.a(tmp9Q2g01pebble.o)
                0x0000000000001108                inverter_layer_get_layer
 .text.layer_add_child
                0x0000000000001114        0xc /Users/joshuajiang/pebble-dev/PebbleSDK-2.0-BETA4/Pebble/lib/libpebble.a(tmp9Q2g01pebble.o)
                0x0000000000001114                layer_add_child
 .text.localtime
                0x0000000000001120        0xc /Users/joshuajiang/pebble-dev/PebbleSDK-2.0-BETA4/Pebble/lib/libpebble.a(tmp9Q2g01pebble.o)
                0x0000000000001120                localtime
 .text.memset   0x000000000000112c        0xc /Users/joshuajiang/pebble-dev/PebbleSDK-2.0-BETA4/Pebble/lib/libpebble.a(tmp9Q2g01pebble.o)
                0x000000000000112c                memset
 .text.property_animation_create_layer_frame
                0x0000000000001138        0xc /Users/joshuajiang/pebble-dev/PebbleSDK-2.0-BETA4/Pebble/lib/libpebble.a(tmp9Q2g01pebble.o)
                0x0000000000001138                property_animation_create_layer_frame
 .text.property_animation_destroy
                0x0000000000001144        0xc /Users/joshuajiang/pebble-dev/PebbleSDK-2.0-BETA4/Pebble/lib/libpebble.a(tmp9Q2g01pebble.o)
                0x0000000000001144                property_animation_destroy
 .text.resource_get_handle
                0x0000000000001150        0xc /Users/joshuajiang/pebble-dev/PebbleSDK-2.0-BETA4/Pebble/lib/libpebble.a(tmp9Q2g01pebble.o)
                0x0000000000001150                resource_get_handle
 .text.strftime
                0x000000000000115c        0xc /Users/joshuajiang/pebble-dev/PebbleSDK-2.0-BETA4/Pebble/lib/libpebble.a(tmp9Q2g01pebble.o)
                0x000000000000115c                strftime
 .text.text_layer_create
                0x0000000000001168        0xc /Users/joshuajiang/pebble-dev/PebbleSDK-2.0-BETA4/Pebble/lib/libpebble.a(tmp9Q2g01pebble.o)
                0x0000000000001168                text_layer_create
 .text.text_layer_destroy
                0x0000000000001174        0xc /Users/joshuajiang/pebble-dev/PebbleSDK-2.0-BETA4/Pebble/lib/libpebble.a(tmp9Q2g01pebble.o)
                0x0000000000001174                text_layer_destroy
 .text.text_layer_get_layer
                0x0000000000001180        0xc /Users/joshuajiang/pebble-dev/PebbleSDK-2.0-BETA4/Pebble/lib/libpebble.a(tmp9Q2g01pebble.o)
                0x0000000000001180                text_layer_get_layer
 .text.text_layer_set_background_color
                0x000000000000118c        0xc /Users/joshuajiang/pebble-dev/PebbleSDK-2.0-BETA4/Pebble/lib/libpebble.a(tmp9Q2g01pebble.o)
                0x000000000000118c                text_layer_set_background_color
 .text.text_layer_set_font
                0x0000000000001198        0xc /Users/joshuajiang/pebble-dev/PebbleSDK-2.0-BETA4/Pebble/lib/libpebble.a(tmp9Q2g01pebble.o)
                0x0000000000001198                text_layer_set_font
 .text.text_layer_set_text
                0x00000000000011a4        0xc /Users/joshuajiang/pebble-dev/PebbleSDK-2.0-BETA4/Pebble/lib/libpebble.a(tmp9Q2g01pebble.o)
                0x00000000000011a4                text_layer_set_text
 .text.text_layer_set_text_alignment
                0x00000000000011b0        0xc /Users/joshuajiang/pebble-dev/PebbleSDK-2.0-BETA4/Pebble/lib/libpebble.a(tmp9Q2g01pebble.o)
                0x00000000000011b0                text_layer_set_text_alignment
 .text.text_layer_set_text_color
                0x00000000000011bc        0xc /Users/joshuajiang/pebble-dev/PebbleSDK-2.0-BETA4/Pebble/lib/libpebble.a(tmp9Q2g01pebble.o)
                0x00000000000011bc                text_layer_set_text_color
 .text.tick_timer_service_subscribe
                0x00000000000011c8        0xc /Users/joshuajiang/pebble-dev/PebbleSDK-2.0-BETA4/Pebble/lib/libpebble.a(tmp9Q2g01pebble.o)
                0x00000000000011c8                tick_timer_service_subscribe
 .text.tick_timer_service_unsubscribe
                0x00000000000011d4        0xc /Users/joshuajiang/pebble-dev/PebbleSDK-2.0-BETA4/Pebble/lib/libpebble.a(tmp9Q2g01pebble.o)
                0x00000000000011d4                tick_timer_service_unsubscribe
 .text.time     0x00000000000011e0        0xc /Users/joshuajiang/pebble-dev/PebbleSDK-2.0-BETA4/Pebble/lib/libpebble.a(tmp9Q2g01pebble.o)
                0x00000000000011e0                time
 .text.window_create
                0x00000000000011ec        0xc /Users/joshuajiang/pebble-dev/PebbleSDK-2.0-BETA4/Pebble/lib/libpebble.a(tmp9Q2g01pebble.o)
                0x00000000000011ec                window_create
 .text.window_destroy
                0x00000000000011f8        0xc /Users/joshuajiang/pebble-dev/PebbleSDK-2.0-BETA4/Pebble/lib/libpebble.a(tmp9Q2g01pebble.o)
                0x00000000000011f8                window_destroy
 .text.window_get_root_layer
                0x0000000000001204        0xc /Users/joshuajiang/pebble-dev/PebbleSDK-2.0-BETA4/Pebble/lib/libpebble.a(tmp9Q2g01pebble.o)
                0x0000000000001204                window_get_root_layer
 .text.window_set_background_color
                0x0000000000001210        0xc /Users/joshuajiang/pebble-dev/PebbleSDK-2.0-BETA4/Pebble/lib/libpebble.a(tmp9Q2g01pebble.o)
                0x0000000000001210                window_set_background_color
 .text.window_set_window_handlers
                0x000000000000121c        0xc /Users/joshuajiang/pebble-dev/PebbleSDK-2.0-BETA4/Pebble/lib/libpebble.a(tmp9Q2g01pebble.o)
                0x000000000000121c                window_set_window_handlers
 .text.window_stack_push
                0x0000000000001228        0xc /Users/joshuajiang/pebble-dev/PebbleSDK-2.0-BETA4/Pebble/lib/libpebble.a(tmp9Q2g01pebble.o)
                0x0000000000001228                window_stack_push
 *(.rodata)
 .rodata        0x0000000000001234       0xf8 src/BeamUpInvDate.c.10.o
 *(.rodata*)
 .rodata.str1.1
                0x000000000000132c        0xf src/BeamUpInvDate.c.10.o

.glue_7         0x000000000000133c        0x0
 .glue_7        0x0000000000000000        0x0 linker stubs

.glue_7t        0x000000000000133c        0x0
 .glue_7t       0x0000000000000000        0x0 linker stubs

.vfp11_veneer   0x000000000000133c        0x0
 .vfp11_veneer  0x0000000000000000        0x0 linker stubs

.v4_bx          0x000000000000133c        0x0
 .v4_bx         0x0000000000000000        0x0 linker stubs

.iplt           0x000000000000133c        0x0
 .iplt          0x0000000000000000        0x0 /Users/joshuajiang/pebble-dev/PebbleSDK-2.0-BETA4/arm-cs-tools/bin/../lib/gcc/arm-none-eabi/4.7.2/thumb2/crtbegin.o

.rel.dyn        0x000000000000133c        0x0
 .rel.iplt      0x0000000000000000        0x0 /Users/joshuajiang/pebble-dev/PebbleSDK-2.0-BETA4/arm-cs-tools/bin/../lib/gcc/arm-none-eabi/4.7.2/thumb2/crtbegin.o

.data           0x000000000000133c       0x1b
 *(.data)
 .data          0x000000000000133c        0x0 /Users/joshuajiang/pebble-dev/PebbleSDK-2.0-BETA4/arm-cs-tools/bin/../lib/gcc/arm-none-eabi/4.7.2/thumb2/crti.o
 .data          0x000000000000133c        0x4 /Users/joshuajiang/pebble-dev/PebbleSDK-2.0-BETA4/arm-cs-tools/bin/../lib/gcc/arm-none-eabi/4.7.2/thumb2/crtbegin.o
                0x000000000000133c                __dso_handle
 .data          0x0000000000001340        0x0 src/BeamUpInvDate.c.10.o
 .data          0x0000000000001340        0x0 appinfo.auto.c.10.o
 .data          0x0000000000001340        0x0 /Users/joshuajiang/pebble-dev/PebbleSDK-2.0-BETA4/Pebble/lib/libpebble.a(tmp9Q2g01pebble.o)
 .data          0x0000000000001340        0x0 /Users/joshuajiang/pebble-dev/PebbleSDK-2.0-BETA4/arm-cs-tools/bin/../lib/gcc/arm-none-eabi/4.7.2/thumb2/crtend.o
 .data          0x0000000000001340        0x0 /Users/joshuajiang/pebble-dev/PebbleSDK-2.0-BETA4/arm-cs-tools/bin/../lib/gcc/arm-none-eabi/4.7.2/thumb2/crtn.o
 *(.data.*)
 .data.minuteText
                0x0000000000001340        0x3 src/BeamUpInvDate.c.10.o
 .data.dateText
                0x0000000000001343        0x7 src/BeamUpInvDate.c.10.o
 .data.HTText   0x000000000000134a        0x2 src/BeamUpInvDate.c.10.o
 .data.HUText   0x000000000000134c        0x2 src/BeamUpInvDate.c.10.o
 .data.hourText
                0x000000000000134e        0x3 src/BeamUpInvDate.c.10.o
 .data.MUText   0x0000000000001351        0x2 src/BeamUpInvDate.c.10.o
 .data.colonText
                0x0000000000001353        0x2 src/BeamUpInvDate.c.10.o
 .data.MTText   0x0000000000001355        0x2 src/BeamUpInvDate.c.10.o

.igot.plt       0x0000000000001358        0x0
 .igot.plt      0x0000000000000000        0x0 /Users/joshuajiang/pebble-dev/PebbleSDK-2.0-BETA4/arm-cs-tools/bin/../lib/gcc/arm-none-eabi/4.7.2/thumb2/crtbegin.o

.bss            0x0000000000001358       0x50
 *(.bss)
 *(.bss.*)
 .bss.MUInvLayer
                0x0000000000001358        0x4 src/BeamUpInvDate.c.10.o
 .bss.MTDigit   0x000000000000135c        0x4 src/BeamUpInvDate.c.10.o
 .bss.window    0x0000000000001360        0x4 src/BeamUpInvDate.c.10.o
 .bss.HULayer   0x0000000000001364        0x4 src/BeamUpInvDate.c.10.o
 .bss.HTprev    0x0000000000001368        0x4 src/BeamUpInvDate.c.10.o
 .bss.MTInvLayer
                0x000000000000136c        0x4 src/BeamUpInvDate.c.10.o
 .bss.HUInvLayer
                0x0000000000001370        0x4 src/BeamUpInvDate.c.10.o
 .bss.dateLayer
                0x0000000000001374        0x4 src/BeamUpInvDate.c.10.o
 .bss.MULayer   0x0000000000001378        0x4 src/BeamUpInvDate.c.10.o
 .bss.HUDigit   0x000000000000137c        0x4 src/BeamUpInvDate.c.10.o
 .bss.bottomInvLayer
                0x0000000000001380        0x4 src/BeamUpInvDate.c.10.o
 .bss.MUDigit   0x0000000000001384        0x4 src/BeamUpInvDate.c.10.o
 .bss.MUprev    0x0000000000001388        0x4 src/BeamUpInvDate.c.10.o
 .bss.HTLayer   0x000000000000138c        0x4 src/BeamUpInvDate.c.10.o
 .bss.HUprev    0x0000000000001390        0x4 src/BeamUpInvDate.c.10.o
 .bss.colonLayer
                0x0000000000001394        0x4 src/BeamUpInvDate.c.10.o
 .bss.HTDigit   0x0000000000001398        0x4 src/BeamUpInvDate.c.10.o
 .bss.MTLayer   0x000000000000139c        0x4 src/BeamUpInvDate.c.10.o
 .bss.HTInvLayer
                0x00000000000013a0        0x4 src/BeamUpInvDate.c.10.o
 .bss.MTprev    0x00000000000013a4        0x4 src/BeamUpInvDate.c.10.o

DISCARD
 libc.a(*)
 libm.a(*)
 libgcc.a(*)
 *(.eh_frame)
OUTPUT(/Users/joshuajiang/Dropbox/Development/Pebble/Beam-Up-Date-Inverted-5-Seconds/build/pebble-app.elf elf32-littlearm)

.ARM.attributes
                0x0000000000000000       0x27
 .ARM.attributes
                0x0000000000000000       0x19 /Users/joshuajiang/pebble-dev/PebbleSDK-2.0-BETA4/arm-cs-tools/bin/../lib/gcc/arm-none-eabi/4.7.2/thumb2/crti.o
 .ARM.attributes
                0x0000000000000019       0x29 /Users/joshuajiang/pebble-dev/PebbleSDK-2.0-BETA4/arm-cs-tools/bin/../lib/gcc/arm-none-eabi/4.7.2/thumb2/crtbegin.o
 .ARM.attributes
                0x0000000000000042       0x33 src/BeamUpInvDate.c.10.o
 .ARM.attributes
                0x0000000000000075       0x33 appinfo.auto.c.10.o
 .ARM.attributes
                0x00000000000000a8       0x21 /Users/joshuajiang/pebble-dev/PebbleSDK-2.0-BETA4/Pebble/lib/libpebble.a(tmp9Q2g01pebble.o)
 .ARM.attributes
                0x00000000000000c9       0x29 /Users/joshuajiang/pebble-dev/PebbleSDK-2.0-BETA4/arm-cs-tools/bin/../lib/gcc/arm-none-eabi/4.7.2/thumb2/crtend.o
 .ARM.attributes
                0x00000000000000f2       0x19 /Users/joshuajiang/pebble-dev/PebbleSDK-2.0-BETA4/arm-cs-tools/bin/../lib/gcc/arm-none-eabi/4.7.2/thumb2/crtn.o

.comment        0x0000000000000000       0x4e
 .comment       0x0000000000000000       0x4e /Users/joshuajiang/pebble-dev/PebbleSDK-2.0-BETA4/arm-cs-tools/bin/../lib/gcc/arm-none-eabi/4.7.2/thumb2/crtbegin.o
                                         0x4f (size before relaxing)
 .comment       0x0000000000000000       0x4f src/BeamUpInvDate.c.10.o
 .comment       0x0000000000000000       0x4f appinfo.auto.c.10.o
 .comment       0x0000000000000000       0x4f /Users/joshuajiang/pebble-dev/PebbleSDK-2.0-BETA4/arm-cs-tools/bin/../lib/gcc/arm-none-eabi/4.7.2/thumb2/crtend.o

.debug_info     0x0000000000000000     0x1c5d
 .debug_info    0x0000000000000000     0x1902 src/BeamUpInvDate.c.10.o
 .debug_info    0x0000000000001902      0x35b appinfo.auto.c.10.o

.debug_abbrev   0x0000000000000000      0x45b
 .debug_abbrev  0x0000000000000000      0x3b0 src/BeamUpInvDate.c.10.o
 .debug_abbrev  0x00000000000003b0       0xab appinfo.auto.c.10.o

.debug_loc      0x0000000000000000      0x734
 .debug_loc     0x0000000000000000      0x734 src/BeamUpInvDate.c.10.o

.debug_aranges  0x0000000000000000       0x78
 .debug_aranges
                0x0000000000000000       0x60 src/BeamUpInvDate.c.10.o
 .debug_aranges
                0x0000000000000060       0x18 appinfo.auto.c.10.o

.debug_ranges   0x0000000000000000       0x50
 .debug_ranges  0x0000000000000000       0x50 src/BeamUpInvDate.c.10.o

.debug_line     0x0000000000000000      0x581
 .debug_line    0x0000000000000000      0x451 src/BeamUpInvDate.c.10.o
 .debug_line    0x0000000000000451      0x130 appinfo.auto.c.10.o

.debug_str      0x0000000000000000      0xb73
 .debug_str     0x0000000000000000      0x984 src/BeamUpInvDate.c.10.o
                                        0xa40 (size before relaxing)
 .debug_str     0x0000000000000984      0x1ef appinfo.auto.c.10.o
                                        0x37a (size before relaxing)

.debug_frame    0x0000000000000000      0x114
 .debug_frame   0x0000000000000000      0x114 src/BeamUpInvDate.c.10.o
